// Vitest Snapshot v1, https://vitest.dev/guide/snapshot.html

exports[`composable/useAppBreakpoints > returns 1`] = `
[
  {
    "output": {
      "isMobile": true,
      "isTablet": false,
    },
    "width": 10,
  },
  {
    "output": {
      "isMobile": true,
      "isTablet": false,
    },
    "width": 20,
  },
  {
    "output": {
      "isMobile": true,
      "isTablet": false,
    },
    "width": 30,
  },
  {
    "output": {
      "isMobile": true,
      "isTablet": false,
    },
    "width": 40,
  },
  {
    "output": {
      "isMobile": true,
      "isTablet": false,
    },
    "width": 50,
  },
  {
    "output": {
      "isMobile": true,
      "isTablet": false,
    },
    "width": 60,
  },
  {
    "output": {
      "isMobile": true,
      "isTablet": false,
    },
    "width": 70,
  },
  {
    "output": {
      "isMobile": true,
      "isTablet": false,
    },
    "width": 80,
  },
  {
    "output": {
      "isMobile": true,
      "isTablet": false,
    },
    "width": 90,
  },
  {
    "output": {
      "isMobile": true,
      "isTablet": false,
    },
    "width": 100,
  },
  {
    "output": {
      "isMobile": true,
      "isTablet": false,
    },
    "width": 110,
  },
  {
    "output": {
      "isMobile": true,
      "isTablet": false,
    },
    "width": 120,
  },
  {
    "output": {
      "isMobile": true,
      "isTablet": false,
    },
    "width": 130,
  },
  {
    "output": {
      "isMobile": true,
      "isTablet": false,
    },
    "width": 140,
  },
  {
    "output": {
      "isMobile": true,
      "isTablet": false,
    },
    "width": 150,
  },
  {
    "output": {
      "isMobile": true,
      "isTablet": false,
    },
    "width": 160,
  },
  {
    "output": {
      "isMobile": true,
      "isTablet": false,
    },
    "width": 170,
  },
  {
    "output": {
      "isMobile": true,
      "isTablet": false,
    },
    "width": 180,
  },
  {
    "output": {
      "isMobile": true,
      "isTablet": false,
    },
    "width": 190,
  },
  {
    "output": {
      "isMobile": true,
      "isTablet": false,
    },
    "width": 200,
  },
  {
    "output": {
      "isMobile": true,
      "isTablet": false,
    },
    "width": 210,
  },
  {
    "output": {
      "isMobile": true,
      "isTablet": false,
    },
    "width": 220,
  },
  {
    "output": {
      "isMobile": true,
      "isTablet": false,
    },
    "width": 230,
  },
  {
    "output": {
      "isMobile": true,
      "isTablet": false,
    },
    "width": 240,
  },
  {
    "output": {
      "isMobile": true,
      "isTablet": false,
    },
    "width": 250,
  },
  {
    "output": {
      "isMobile": true,
      "isTablet": false,
    },
    "width": 260,
  },
  {
    "output": {
      "isMobile": true,
      "isTablet": false,
    },
    "width": 270,
  },
  {
    "output": {
      "isMobile": true,
      "isTablet": false,
    },
    "width": 280,
  },
  {
    "output": {
      "isMobile": true,
      "isTablet": false,
    },
    "width": 290,
  },
  {
    "output": {
      "isMobile": true,
      "isTablet": false,
    },
    "width": 300,
  },
  {
    "output": {
      "isMobile": true,
      "isTablet": false,
    },
    "width": 310,
  },
  {
    "output": {
      "isMobile": true,
      "isTablet": false,
    },
    "width": 320,
  },
  {
    "output": {
      "isMobile": true,
      "isTablet": false,
    },
    "width": 330,
  },
  {
    "output": {
      "isMobile": true,
      "isTablet": false,
    },
    "width": 340,
  },
  {
    "output": {
      "isMobile": true,
      "isTablet": false,
    },
    "width": 350,
  },
  {
    "output": {
      "isMobile": true,
      "isTablet": false,
    },
    "width": 360,
  },
  {
    "output": {
      "isMobile": true,
      "isTablet": false,
    },
    "width": 370,
  },
  {
    "output": {
      "isMobile": true,
      "isTablet": false,
    },
    "width": 380,
  },
  {
    "output": {
      "isMobile": true,
      "isTablet": false,
    },
    "width": 390,
  },
  {
    "output": {
      "isMobile": true,
      "isTablet": false,
    },
    "width": 400,
  },
  {
    "output": {
      "isMobile": true,
      "isTablet": false,
    },
    "width": 410,
  },
  {
    "output": {
      "isMobile": true,
      "isTablet": false,
    },
    "width": 420,
  },
  {
    "output": {
      "isMobile": true,
      "isTablet": false,
    },
    "width": 430,
  },
  {
    "output": {
      "isMobile": true,
      "isTablet": false,
    },
    "width": 440,
  },
  {
    "output": {
      "isMobile": true,
      "isTablet": false,
    },
    "width": 450,
  },
  {
    "output": {
      "isMobile": true,
      "isTablet": false,
    },
    "width": 460,
  },
  {
    "output": {
      "isMobile": true,
      "isTablet": false,
    },
    "width": 470,
  },
  {
    "output": {
      "isMobile": true,
      "isTablet": false,
    },
    "width": 480,
  },
  {
    "output": {
      "isMobile": true,
      "isTablet": false,
    },
    "width": 490,
  },
  {
    "output": {
      "isMobile": true,
      "isTablet": false,
    },
    "width": 500,
  },
  {
    "output": {
      "isMobile": true,
      "isTablet": false,
    },
    "width": 510,
  },
  {
    "output": {
      "isMobile": true,
      "isTablet": false,
    },
    "width": 520,
  },
  {
    "output": {
      "isMobile": true,
      "isTablet": false,
    },
    "width": 530,
  },
  {
    "output": {
      "isMobile": true,
      "isTablet": false,
    },
    "width": 540,
  },
  {
    "output": {
      "isMobile": true,
      "isTablet": false,
    },
    "width": 550,
  },
  {
    "output": {
      "isMobile": true,
      "isTablet": false,
    },
    "width": 560,
  },
  {
    "output": {
      "isMobile": true,
      "isTablet": false,
    },
    "width": 570,
  },
  {
    "output": {
      "isMobile": true,
      "isTablet": false,
    },
    "width": 580,
  },
  {
    "output": {
      "isMobile": true,
      "isTablet": false,
    },
    "width": 590,
  },
  {
    "output": {
      "isMobile": true,
      "isTablet": false,
    },
    "width": 600,
  },
  {
    "output": {
      "isMobile": true,
      "isTablet": false,
    },
    "width": 610,
  },
  {
    "output": {
      "isMobile": true,
      "isTablet": false,
    },
    "width": 620,
  },
  {
    "output": {
      "isMobile": true,
      "isTablet": false,
    },
    "width": 630,
  },
  {
    "output": {
      "isMobile": false,
      "isTablet": true,
    },
    "width": 640,
  },
  {
    "output": {
      "isMobile": false,
      "isTablet": true,
    },
    "width": 650,
  },
  {
    "output": {
      "isMobile": false,
      "isTablet": true,
    },
    "width": 660,
  },
  {
    "output": {
      "isMobile": false,
      "isTablet": true,
    },
    "width": 670,
  },
  {
    "output": {
      "isMobile": false,
      "isTablet": true,
    },
    "width": 680,
  },
  {
    "output": {
      "isMobile": false,
      "isTablet": true,
    },
    "width": 690,
  },
  {
    "output": {
      "isMobile": false,
      "isTablet": true,
    },
    "width": 700,
  },
  {
    "output": {
      "isMobile": false,
      "isTablet": true,
    },
    "width": 710,
  },
  {
    "output": {
      "isMobile": false,
      "isTablet": true,
    },
    "width": 720,
  },
  {
    "output": {
      "isMobile": false,
      "isTablet": true,
    },
    "width": 730,
  },
  {
    "output": {
      "isMobile": false,
      "isTablet": true,
    },
    "width": 740,
  },
  {
    "output": {
      "isMobile": false,
      "isTablet": true,
    },
    "width": 750,
  },
  {
    "output": {
      "isMobile": false,
      "isTablet": true,
    },
    "width": 760,
  },
  {
    "output": {
      "isMobile": false,
      "isTablet": true,
    },
    "width": 770,
  },
  {
    "output": {
      "isMobile": false,
      "isTablet": true,
    },
    "width": 780,
  },
  {
    "output": {
      "isMobile": false,
      "isTablet": true,
    },
    "width": 790,
  },
  {
    "output": {
      "isMobile": false,
      "isTablet": true,
    },
    "width": 800,
  },
  {
    "output": {
      "isMobile": false,
      "isTablet": true,
    },
    "width": 810,
  },
  {
    "output": {
      "isMobile": false,
      "isTablet": true,
    },
    "width": 820,
  },
  {
    "output": {
      "isMobile": false,
      "isTablet": true,
    },
    "width": 830,
  },
  {
    "output": {
      "isMobile": false,
      "isTablet": true,
    },
    "width": 840,
  },
  {
    "output": {
      "isMobile": false,
      "isTablet": true,
    },
    "width": 850,
  },
  {
    "output": {
      "isMobile": false,
      "isTablet": true,
    },
    "width": 860,
  },
  {
    "output": {
      "isMobile": false,
      "isTablet": true,
    },
    "width": 870,
  },
  {
    "output": {
      "isMobile": false,
      "isTablet": true,
    },
    "width": 880,
  },
  {
    "output": {
      "isMobile": false,
      "isTablet": true,
    },
    "width": 890,
  },
  {
    "output": {
      "isMobile": false,
      "isTablet": true,
    },
    "width": 900,
  },
  {
    "output": {
      "isMobile": false,
      "isTablet": true,
    },
    "width": 910,
  },
  {
    "output": {
      "isMobile": false,
      "isTablet": true,
    },
    "width": 920,
  },
  {
    "output": {
      "isMobile": false,
      "isTablet": true,
    },
    "width": 930,
  },
  {
    "output": {
      "isMobile": false,
      "isTablet": true,
    },
    "width": 940,
  },
  {
    "output": {
      "isMobile": false,
      "isTablet": true,
    },
    "width": 950,
  },
  {
    "output": {
      "isMobile": false,
      "isTablet": true,
    },
    "width": 960,
  },
  {
    "output": {
      "isMobile": false,
      "isTablet": true,
    },
    "width": 970,
  },
  {
    "output": {
      "isMobile": false,
      "isTablet": true,
    },
    "width": 980,
  },
  {
    "output": {
      "isMobile": false,
      "isTablet": true,
    },
    "width": 990,
  },
  {
    "output": {
      "isMobile": false,
      "isTablet": true,
    },
    "width": 1000,
  },
  {
    "output": {
      "isMobile": false,
      "isTablet": true,
    },
    "width": 1010,
  },
  {
    "output": {
      "isMobile": false,
      "isTablet": true,
    },
    "width": 1020,
  },
  {
    "output": {
      "isMobile": false,
      "isTablet": false,
    },
    "width": 1030,
  },
  {
    "output": {
      "isMobile": false,
      "isTablet": false,
    },
    "width": 1040,
  },
  {
    "output": {
      "isMobile": false,
      "isTablet": false,
    },
    "width": 1050,
  },
  {
    "output": {
      "isMobile": false,
      "isTablet": false,
    },
    "width": 1060,
  },
  {
    "output": {
      "isMobile": false,
      "isTablet": false,
    },
    "width": 1070,
  },
  {
    "output": {
      "isMobile": false,
      "isTablet": false,
    },
    "width": 1080,
  },
  {
    "output": {
      "isMobile": false,
      "isTablet": false,
    },
    "width": 1090,
  },
  {
    "output": {
      "isMobile": false,
      "isTablet": false,
    },
    "width": 1100,
  },
  {
    "output": {
      "isMobile": false,
      "isTablet": false,
    },
    "width": 1110,
  },
  {
    "output": {
      "isMobile": false,
      "isTablet": false,
    },
    "width": 1120,
  },
  {
    "output": {
      "isMobile": false,
      "isTablet": false,
    },
    "width": 1130,
  },
  {
    "output": {
      "isMobile": false,
      "isTablet": false,
    },
    "width": 1140,
  },
  {
    "output": {
      "isMobile": false,
      "isTablet": false,
    },
    "width": 1150,
  },
  {
    "output": {
      "isMobile": false,
      "isTablet": false,
    },
    "width": 1160,
  },
  {
    "output": {
      "isMobile": false,
      "isTablet": false,
    },
    "width": 1170,
  },
  {
    "output": {
      "isMobile": false,
      "isTablet": false,
    },
    "width": 1180,
  },
  {
    "output": {
      "isMobile": false,
      "isTablet": false,
    },
    "width": 1190,
  },
  {
    "output": {
      "isMobile": false,
      "isTablet": false,
    },
    "width": 1200,
  },
  {
    "output": {
      "isMobile": false,
      "isTablet": false,
    },
    "width": 1210,
  },
  {
    "output": {
      "isMobile": false,
      "isTablet": false,
    },
    "width": 1220,
  },
  {
    "output": {
      "isMobile": false,
      "isTablet": false,
    },
    "width": 1230,
  },
  {
    "output": {
      "isMobile": false,
      "isTablet": false,
    },
    "width": 1240,
  },
  {
    "output": {
      "isMobile": false,
      "isTablet": false,
    },
    "width": 1250,
  },
  {
    "output": {
      "isMobile": false,
      "isTablet": false,
    },
    "width": 1260,
  },
  {
    "output": {
      "isMobile": false,
      "isTablet": false,
    },
    "width": 1270,
  },
  {
    "output": {
      "isMobile": false,
      "isTablet": false,
    },
    "width": 1280,
  },
  {
    "output": {
      "isMobile": false,
      "isTablet": false,
    },
    "width": 1290,
  },
  {
    "output": {
      "isMobile": false,
      "isTablet": false,
    },
    "width": 1300,
  },
  {
    "output": {
      "isMobile": false,
      "isTablet": false,
    },
    "width": 1310,
  },
  {
    "output": {
      "isMobile": false,
      "isTablet": false,
    },
    "width": 1320,
  },
  {
    "output": {
      "isMobile": false,
      "isTablet": false,
    },
    "width": 1330,
  },
  {
    "output": {
      "isMobile": false,
      "isTablet": false,
    },
    "width": 1340,
  },
  {
    "output": {
      "isMobile": false,
      "isTablet": false,
    },
    "width": 1350,
  },
  {
    "output": {
      "isMobile": false,
      "isTablet": false,
    },
    "width": 1360,
  },
  {
    "output": {
      "isMobile": false,
      "isTablet": false,
    },
    "width": 1370,
  },
  {
    "output": {
      "isMobile": false,
      "isTablet": false,
    },
    "width": 1380,
  },
  {
    "output": {
      "isMobile": false,
      "isTablet": false,
    },
    "width": 1390,
  },
  {
    "output": {
      "isMobile": false,
      "isTablet": false,
    },
    "width": 1400,
  },
  {
    "output": {
      "isMobile": false,
      "isTablet": false,
    },
    "width": 1410,
  },
  {
    "output": {
      "isMobile": false,
      "isTablet": false,
    },
    "width": 1420,
  },
  {
    "output": {
      "isMobile": false,
      "isTablet": false,
    },
    "width": 1430,
  },
  {
    "output": {
      "isMobile": false,
      "isTablet": false,
    },
    "width": 1440,
  },
  {
    "output": {
      "isMobile": false,
      "isTablet": false,
    },
    "width": 1450,
  },
  {
    "output": {
      "isMobile": false,
      "isTablet": false,
    },
    "width": 1460,
  },
  {
    "output": {
      "isMobile": false,
      "isTablet": false,
    },
    "width": 1470,
  },
  {
    "output": {
      "isMobile": false,
      "isTablet": false,
    },
    "width": 1480,
  },
  {
    "output": {
      "isMobile": false,
      "isTablet": false,
    },
    "width": 1490,
  },
  {
    "output": {
      "isMobile": false,
      "isTablet": false,
    },
    "width": 1500,
  },
  {
    "output": {
      "isMobile": false,
      "isTablet": false,
    },
    "width": 1510,
  },
  {
    "output": {
      "isMobile": false,
      "isTablet": false,
    },
    "width": 1520,
  },
  {
    "output": {
      "isMobile": false,
      "isTablet": false,
    },
    "width": 1530,
  },
  {
    "output": {
      "isMobile": false,
      "isTablet": false,
    },
    "width": 1540,
  },
  {
    "output": {
      "isMobile": false,
      "isTablet": false,
    },
    "width": 1550,
  },
  {
    "output": {
      "isMobile": false,
      "isTablet": false,
    },
    "width": 1560,
  },
  {
    "output": {
      "isMobile": false,
      "isTablet": false,
    },
    "width": 1570,
  },
  {
    "output": {
      "isMobile": false,
      "isTablet": false,
    },
    "width": 1580,
  },
  {
    "output": {
      "isMobile": false,
      "isTablet": false,
    },
    "width": 1590,
  },
  {
    "output": {
      "isMobile": false,
      "isTablet": false,
    },
    "width": 1600,
  },
  {
    "output": {
      "isMobile": false,
      "isTablet": false,
    },
    "width": 1610,
  },
  {
    "output": {
      "isMobile": false,
      "isTablet": false,
    },
    "width": 1620,
  },
  {
    "output": {
      "isMobile": false,
      "isTablet": false,
    },
    "width": 1630,
  },
  {
    "output": {
      "isMobile": false,
      "isTablet": false,
    },
    "width": 1640,
  },
  {
    "output": {
      "isMobile": false,
      "isTablet": false,
    },
    "width": 1650,
  },
  {
    "output": {
      "isMobile": false,
      "isTablet": false,
    },
    "width": 1660,
  },
  {
    "output": {
      "isMobile": false,
      "isTablet": false,
    },
    "width": 1670,
  },
  {
    "output": {
      "isMobile": false,
      "isTablet": false,
    },
    "width": 1680,
  },
  {
    "output": {
      "isMobile": false,
      "isTablet": false,
    },
    "width": 1690,
  },
  {
    "output": {
      "isMobile": false,
      "isTablet": false,
    },
    "width": 1700,
  },
  {
    "output": {
      "isMobile": false,
      "isTablet": false,
    },
    "width": 1710,
  },
  {
    "output": {
      "isMobile": false,
      "isTablet": false,
    },
    "width": 1720,
  },
  {
    "output": {
      "isMobile": false,
      "isTablet": false,
    },
    "width": 1730,
  },
  {
    "output": {
      "isMobile": false,
      "isTablet": false,
    },
    "width": 1740,
  },
  {
    "output": {
      "isMobile": false,
      "isTablet": false,
    },
    "width": 1750,
  },
  {
    "output": {
      "isMobile": false,
      "isTablet": false,
    },
    "width": 1760,
  },
  {
    "output": {
      "isMobile": false,
      "isTablet": false,
    },
    "width": 1770,
  },
  {
    "output": {
      "isMobile": false,
      "isTablet": false,
    },
    "width": 1780,
  },
  {
    "output": {
      "isMobile": false,
      "isTablet": false,
    },
    "width": 1790,
  },
  {
    "output": {
      "isMobile": false,
      "isTablet": false,
    },
    "width": 1800,
  },
  {
    "output": {
      "isMobile": false,
      "isTablet": false,
    },
    "width": 1810,
  },
  {
    "output": {
      "isMobile": false,
      "isTablet": false,
    },
    "width": 1820,
  },
  {
    "output": {
      "isMobile": false,
      "isTablet": false,
    },
    "width": 1830,
  },
  {
    "output": {
      "isMobile": false,
      "isTablet": false,
    },
    "width": 1840,
  },
  {
    "output": {
      "isMobile": false,
      "isTablet": false,
    },
    "width": 1850,
  },
  {
    "output": {
      "isMobile": false,
      "isTablet": false,
    },
    "width": 1860,
  },
  {
    "output": {
      "isMobile": false,
      "isTablet": false,
    },
    "width": 1870,
  },
  {
    "output": {
      "isMobile": false,
      "isTablet": false,
    },
    "width": 1880,
  },
  {
    "output": {
      "isMobile": false,
      "isTablet": false,
    },
    "width": 1890,
  },
  {
    "output": {
      "isMobile": false,
      "isTablet": false,
    },
    "width": 1900,
  },
  {
    "output": {
      "isMobile": false,
      "isTablet": false,
    },
    "width": 1910,
  },
  {
    "output": {
      "isMobile": false,
      "isTablet": false,
    },
    "width": 1920,
  },
  {
    "output": {
      "isMobile": false,
      "isTablet": false,
    },
    "width": 1930,
  },
  {
    "output": {
      "isMobile": false,
      "isTablet": false,
    },
    "width": 1940,
  },
  {
    "output": {
      "isMobile": false,
      "isTablet": false,
    },
    "width": 1950,
  },
  {
    "output": {
      "isMobile": false,
      "isTablet": false,
    },
    "width": 1960,
  },
  {
    "output": {
      "isMobile": false,
      "isTablet": false,
    },
    "width": 1970,
  },
  {
    "output": {
      "isMobile": false,
      "isTablet": false,
    },
    "width": 1980,
  },
  {
    "output": {
      "isMobile": false,
      "isTablet": false,
    },
    "width": 1990,
  },
  {
    "output": {
      "isMobile": false,
      "isTablet": false,
    },
    "width": 2000,
  },
  {
    "output": {
      "isMobile": false,
      "isTablet": false,
    },
    "width": 2010,
  },
  {
    "output": {
      "isMobile": false,
      "isTablet": false,
    },
    "width": 2020,
  },
  {
    "output": {
      "isMobile": false,
      "isTablet": false,
    },
    "width": 2030,
  },
  {
    "output": {
      "isMobile": false,
      "isTablet": false,
    },
    "width": 2040,
  },
  {
    "output": {
      "isMobile": false,
      "isTablet": false,
    },
    "width": 2050,
  },
  {
    "output": {
      "isMobile": false,
      "isTablet": false,
    },
    "width": 2060,
  },
  {
    "output": {
      "isMobile": false,
      "isTablet": false,
    },
    "width": 2070,
  },
  {
    "output": {
      "isMobile": false,
      "isTablet": false,
    },
    "width": 2080,
  },
  {
    "output": {
      "isMobile": false,
      "isTablet": false,
    },
    "width": 2090,
  },
  {
    "output": {
      "isMobile": false,
      "isTablet": false,
    },
    "width": 2100,
  },
  {
    "output": {
      "isMobile": false,
      "isTablet": false,
    },
    "width": 2110,
  },
  {
    "output": {
      "isMobile": false,
      "isTablet": false,
    },
    "width": 2120,
  },
  {
    "output": {
      "isMobile": false,
      "isTablet": false,
    },
    "width": 2130,
  },
  {
    "output": {
      "isMobile": false,
      "isTablet": false,
    },
    "width": 2140,
  },
  {
    "output": {
      "isMobile": false,
      "isTablet": false,
    },
    "width": 2150,
  },
  {
    "output": {
      "isMobile": false,
      "isTablet": false,
    },
    "width": 2160,
  },
  {
    "output": {
      "isMobile": false,
      "isTablet": false,
    },
    "width": 2170,
  },
  {
    "output": {
      "isMobile": false,
      "isTablet": false,
    },
    "width": 2180,
  },
  {
    "output": {
      "isMobile": false,
      "isTablet": false,
    },
    "width": 2190,
  },
  {
    "output": {
      "isMobile": false,
      "isTablet": false,
    },
    "width": 2200,
  },
  {
    "output": {
      "isMobile": false,
      "isTablet": false,
    },
    "width": 2210,
  },
  {
    "output": {
      "isMobile": false,
      "isTablet": false,
    },
    "width": 2220,
  },
  {
    "output": {
      "isMobile": false,
      "isTablet": false,
    },
    "width": 2230,
  },
  {
    "output": {
      "isMobile": false,
      "isTablet": false,
    },
    "width": 2240,
  },
  {
    "output": {
      "isMobile": false,
      "isTablet": false,
    },
    "width": 2250,
  },
  {
    "output": {
      "isMobile": false,
      "isTablet": false,
    },
    "width": 2260,
  },
  {
    "output": {
      "isMobile": false,
      "isTablet": false,
    },
    "width": 2270,
  },
  {
    "output": {
      "isMobile": false,
      "isTablet": false,
    },
    "width": 2280,
  },
  {
    "output": {
      "isMobile": false,
      "isTablet": false,
    },
    "width": 2290,
  },
  {
    "output": {
      "isMobile": false,
      "isTablet": false,
    },
    "width": 2300,
  },
  {
    "output": {
      "isMobile": false,
      "isTablet": false,
    },
    "width": 2310,
  },
  {
    "output": {
      "isMobile": false,
      "isTablet": false,
    },
    "width": 2320,
  },
  {
    "output": {
      "isMobile": false,
      "isTablet": false,
    },
    "width": 2330,
  },
  {
    "output": {
      "isMobile": false,
      "isTablet": false,
    },
    "width": 2340,
  },
  {
    "output": {
      "isMobile": false,
      "isTablet": false,
    },
    "width": 2350,
  },
  {
    "output": {
      "isMobile": false,
      "isTablet": false,
    },
    "width": 2360,
  },
  {
    "output": {
      "isMobile": false,
      "isTablet": false,
    },
    "width": 2370,
  },
  {
    "output": {
      "isMobile": false,
      "isTablet": false,
    },
    "width": 2380,
  },
  {
    "output": {
      "isMobile": false,
      "isTablet": false,
    },
    "width": 2390,
  },
  {
    "output": {
      "isMobile": false,
      "isTablet": false,
    },
    "width": 2400,
  },
  {
    "output": {
      "isMobile": false,
      "isTablet": false,
    },
    "width": 2410,
  },
  {
    "output": {
      "isMobile": false,
      "isTablet": false,
    },
    "width": 2420,
  },
  {
    "output": {
      "isMobile": false,
      "isTablet": false,
    },
    "width": 2430,
  },
  {
    "output": {
      "isMobile": false,
      "isTablet": false,
    },
    "width": 2440,
  },
  {
    "output": {
      "isMobile": false,
      "isTablet": false,
    },
    "width": 2450,
  },
  {
    "output": {
      "isMobile": false,
      "isTablet": false,
    },
    "width": 2460,
  },
  {
    "output": {
      "isMobile": false,
      "isTablet": false,
    },
    "width": 2470,
  },
  {
    "output": {
      "isMobile": false,
      "isTablet": false,
    },
    "width": 2480,
  },
  {
    "output": {
      "isMobile": false,
      "isTablet": false,
    },
    "width": 2490,
  },
  {
    "output": {
      "isMobile": false,
      "isTablet": false,
    },
    "width": 2500,
  },
  {
    "output": {
      "isMobile": false,
      "isTablet": false,
    },
    "width": 2510,
  },
  {
    "output": {
      "isMobile": false,
      "isTablet": false,
    },
    "width": 2520,
  },
  {
    "output": {
      "isMobile": false,
      "isTablet": false,
    },
    "width": 2530,
  },
  {
    "output": {
      "isMobile": false,
      "isTablet": false,
    },
    "width": 2540,
  },
  {
    "output": {
      "isMobile": false,
      "isTablet": false,
    },
    "width": 2550,
  },
  {
    "output": {
      "isMobile": false,
      "isTablet": false,
    },
    "width": 2560,
  },
  {
    "output": {
      "isMobile": false,
      "isTablet": false,
    },
    "width": 2570,
  },
  {
    "output": {
      "isMobile": false,
      "isTablet": false,
    },
    "width": 2580,
  },
  {
    "output": {
      "isMobile": false,
      "isTablet": false,
    },
    "width": 2590,
  },
  {
    "output": {
      "isMobile": false,
      "isTablet": false,
    },
    "width": 2600,
  },
  {
    "output": {
      "isMobile": false,
      "isTablet": false,
    },
    "width": 2610,
  },
  {
    "output": {
      "isMobile": false,
      "isTablet": false,
    },
    "width": 2620,
  },
  {
    "output": {
      "isMobile": false,
      "isTablet": false,
    },
    "width": 2630,
  },
  {
    "output": {
      "isMobile": false,
      "isTablet": false,
    },
    "width": 2640,
  },
  {
    "output": {
      "isMobile": false,
      "isTablet": false,
    },
    "width": 2650,
  },
  {
    "output": {
      "isMobile": false,
      "isTablet": false,
    },
    "width": 2660,
  },
  {
    "output": {
      "isMobile": false,
      "isTablet": false,
    },
    "width": 2670,
  },
  {
    "output": {
      "isMobile": false,
      "isTablet": false,
    },
    "width": 2680,
  },
  {
    "output": {
      "isMobile": false,
      "isTablet": false,
    },
    "width": 2690,
  },
  {
    "output": {
      "isMobile": false,
      "isTablet": false,
    },
    "width": 2700,
  },
  {
    "output": {
      "isMobile": false,
      "isTablet": false,
    },
    "width": 2710,
  },
  {
    "output": {
      "isMobile": false,
      "isTablet": false,
    },
    "width": 2720,
  },
  {
    "output": {
      "isMobile": false,
      "isTablet": false,
    },
    "width": 2730,
  },
  {
    "output": {
      "isMobile": false,
      "isTablet": false,
    },
    "width": 2740,
  },
  {
    "output": {
      "isMobile": false,
      "isTablet": false,
    },
    "width": 2750,
  },
  {
    "output": {
      "isMobile": false,
      "isTablet": false,
    },
    "width": 2760,
  },
  {
    "output": {
      "isMobile": false,
      "isTablet": false,
    },
    "width": 2770,
  },
  {
    "output": {
      "isMobile": false,
      "isTablet": false,
    },
    "width": 2780,
  },
  {
    "output": {
      "isMobile": false,
      "isTablet": false,
    },
    "width": 2790,
  },
  {
    "output": {
      "isMobile": false,
      "isTablet": false,
    },
    "width": 2800,
  },
  {
    "output": {
      "isMobile": false,
      "isTablet": false,
    },
    "width": 2810,
  },
  {
    "output": {
      "isMobile": false,
      "isTablet": false,
    },
    "width": 2820,
  },
  {
    "output": {
      "isMobile": false,
      "isTablet": false,
    },
    "width": 2830,
  },
  {
    "output": {
      "isMobile": false,
      "isTablet": false,
    },
    "width": 2840,
  },
  {
    "output": {
      "isMobile": false,
      "isTablet": false,
    },
    "width": 2850,
  },
  {
    "output": {
      "isMobile": false,
      "isTablet": false,
    },
    "width": 2860,
  },
  {
    "output": {
      "isMobile": false,
      "isTablet": false,
    },
    "width": 2870,
  },
  {
    "output": {
      "isMobile": false,
      "isTablet": false,
    },
    "width": 2880,
  },
  {
    "output": {
      "isMobile": false,
      "isTablet": false,
    },
    "width": 2890,
  },
  {
    "output": {
      "isMobile": false,
      "isTablet": false,
    },
    "width": 2900,
  },
  {
    "output": {
      "isMobile": false,
      "isTablet": false,
    },
    "width": 2910,
  },
  {
    "output": {
      "isMobile": false,
      "isTablet": false,
    },
    "width": 2920,
  },
  {
    "output": {
      "isMobile": false,
      "isTablet": false,
    },
    "width": 2930,
  },
  {
    "output": {
      "isMobile": false,
      "isTablet": false,
    },
    "width": 2940,
  },
  {
    "output": {
      "isMobile": false,
      "isTablet": false,
    },
    "width": 2950,
  },
  {
    "output": {
      "isMobile": false,
      "isTablet": false,
    },
    "width": 2960,
  },
  {
    "output": {
      "isMobile": false,
      "isTablet": false,
    },
    "width": 2970,
  },
  {
    "output": {
      "isMobile": false,
      "isTablet": false,
    },
    "width": 2980,
  },
  {
    "output": {
      "isMobile": false,
      "isTablet": false,
    },
    "width": 2990,
  },
  {
    "output": {
      "isMobile": false,
      "isTablet": false,
    },
    "width": 3000,
  },
  {
    "output": {
      "isMobile": false,
      "isTablet": false,
    },
    "width": 3010,
  },
  {
    "output": {
      "isMobile": false,
      "isTablet": false,
    },
    "width": 3020,
  },
  {
    "output": {
      "isMobile": false,
      "isTablet": false,
    },
    "width": 3030,
  },
  {
    "output": {
      "isMobile": false,
      "isTablet": false,
    },
    "width": 3040,
  },
  {
    "output": {
      "isMobile": false,
      "isTablet": false,
    },
    "width": 3050,
  },
  {
    "output": {
      "isMobile": false,
      "isTablet": false,
    },
    "width": 3060,
  },
  {
    "output": {
      "isMobile": false,
      "isTablet": false,
    },
    "width": 3070,
  },
  {
    "output": {
      "isMobile": false,
      "isTablet": false,
    },
    "width": 3080,
  },
  {
    "output": {
      "isMobile": false,
      "isTablet": false,
    },
    "width": 3090,
  },
  {
    "output": {
      "isMobile": false,
      "isTablet": false,
    },
    "width": 3100,
  },
  {
    "output": {
      "isMobile": false,
      "isTablet": false,
    },
    "width": 3110,
  },
  {
    "output": {
      "isMobile": false,
      "isTablet": false,
    },
    "width": 3120,
  },
  {
    "output": {
      "isMobile": false,
      "isTablet": false,
    },
    "width": 3130,
  },
  {
    "output": {
      "isMobile": false,
      "isTablet": false,
    },
    "width": 3140,
  },
  {
    "output": {
      "isMobile": false,
      "isTablet": false,
    },
    "width": 3150,
  },
  {
    "output": {
      "isMobile": false,
      "isTablet": false,
    },
    "width": 3160,
  },
  {
    "output": {
      "isMobile": false,
      "isTablet": false,
    },
    "width": 3170,
  },
  {
    "output": {
      "isMobile": false,
      "isTablet": false,
    },
    "width": 3180,
  },
  {
    "output": {
      "isMobile": false,
      "isTablet": false,
    },
    "width": 3190,
  },
  {
    "output": {
      "isMobile": false,
      "isTablet": false,
    },
    "width": 3200,
  },
  {
    "output": {
      "isMobile": false,
      "isTablet": false,
    },
    "width": 3210,
  },
  {
    "output": {
      "isMobile": false,
      "isTablet": false,
    },
    "width": 3220,
  },
  {
    "output": {
      "isMobile": false,
      "isTablet": false,
    },
    "width": 3230,
  },
  {
    "output": {
      "isMobile": false,
      "isTablet": false,
    },
    "width": 3240,
  },
  {
    "output": {
      "isMobile": false,
      "isTablet": false,
    },
    "width": 3250,
  },
  {
    "output": {
      "isMobile": false,
      "isTablet": false,
    },
    "width": 3260,
  },
  {
    "output": {
      "isMobile": false,
      "isTablet": false,
    },
    "width": 3270,
  },
  {
    "output": {
      "isMobile": false,
      "isTablet": false,
    },
    "width": 3280,
  },
  {
    "output": {
      "isMobile": false,
      "isTablet": false,
    },
    "width": 3290,
  },
  {
    "output": {
      "isMobile": false,
      "isTablet": false,
    },
    "width": 3300,
  },
  {
    "output": {
      "isMobile": false,
      "isTablet": false,
    },
    "width": 3310,
  },
  {
    "output": {
      "isMobile": false,
      "isTablet": false,
    },
    "width": 3320,
  },
  {
    "output": {
      "isMobile": false,
      "isTablet": false,
    },
    "width": 3330,
  },
  {
    "output": {
      "isMobile": false,
      "isTablet": false,
    },
    "width": 3340,
  },
  {
    "output": {
      "isMobile": false,
      "isTablet": false,
    },
    "width": 3350,
  },
  {
    "output": {
      "isMobile": false,
      "isTablet": false,
    },
    "width": 3360,
  },
  {
    "output": {
      "isMobile": false,
      "isTablet": false,
    },
    "width": 3370,
  },
  {
    "output": {
      "isMobile": false,
      "isTablet": false,
    },
    "width": 3380,
  },
  {
    "output": {
      "isMobile": false,
      "isTablet": false,
    },
    "width": 3390,
  },
  {
    "output": {
      "isMobile": false,
      "isTablet": false,
    },
    "width": 3400,
  },
  {
    "output": {
      "isMobile": false,
      "isTablet": false,
    },
    "width": 3410,
  },
  {
    "output": {
      "isMobile": false,
      "isTablet": false,
    },
    "width": 3420,
  },
  {
    "output": {
      "isMobile": false,
      "isTablet": false,
    },
    "width": 3430,
  },
  {
    "output": {
      "isMobile": false,
      "isTablet": false,
    },
    "width": 3440,
  },
  {
    "output": {
      "isMobile": false,
      "isTablet": false,
    },
    "width": 3450,
  },
  {
    "output": {
      "isMobile": false,
      "isTablet": false,
    },
    "width": 3460,
  },
  {
    "output": {
      "isMobile": false,
      "isTablet": false,
    },
    "width": 3470,
  },
  {
    "output": {
      "isMobile": false,
      "isTablet": false,
    },
    "width": 3480,
  },
  {
    "output": {
      "isMobile": false,
      "isTablet": false,
    },
    "width": 3490,
  },
  {
    "output": {
      "isMobile": false,
      "isTablet": false,
    },
    "width": 3500,
  },
  {
    "output": {
      "isMobile": false,
      "isTablet": false,
    },
    "width": 3510,
  },
  {
    "output": {
      "isMobile": false,
      "isTablet": false,
    },
    "width": 3520,
  },
  {
    "output": {
      "isMobile": false,
      "isTablet": false,
    },
    "width": 3530,
  },
  {
    "output": {
      "isMobile": false,
      "isTablet": false,
    },
    "width": 3540,
  },
  {
    "output": {
      "isMobile": false,
      "isTablet": false,
    },
    "width": 3550,
  },
  {
    "output": {
      "isMobile": false,
      "isTablet": false,
    },
    "width": 3560,
  },
  {
    "output": {
      "isMobile": false,
      "isTablet": false,
    },
    "width": 3570,
  },
  {
    "output": {
      "isMobile": false,
      "isTablet": false,
    },
    "width": 3580,
  },
  {
    "output": {
      "isMobile": false,
      "isTablet": false,
    },
    "width": 3590,
  },
  {
    "output": {
      "isMobile": false,
      "isTablet": false,
    },
    "width": 3600,
  },
  {
    "output": {
      "isMobile": false,
      "isTablet": false,
    },
    "width": 3610,
  },
  {
    "output": {
      "isMobile": false,
      "isTablet": false,
    },
    "width": 3620,
  },
  {
    "output": {
      "isMobile": false,
      "isTablet": false,
    },
    "width": 3630,
  },
  {
    "output": {
      "isMobile": false,
      "isTablet": false,
    },
    "width": 3640,
  },
  {
    "output": {
      "isMobile": false,
      "isTablet": false,
    },
    "width": 3650,
  },
  {
    "output": {
      "isMobile": false,
      "isTablet": false,
    },
    "width": 3660,
  },
  {
    "output": {
      "isMobile": false,
      "isTablet": false,
    },
    "width": 3670,
  },
  {
    "output": {
      "isMobile": false,
      "isTablet": false,
    },
    "width": 3680,
  },
  {
    "output": {
      "isMobile": false,
      "isTablet": false,
    },
    "width": 3690,
  },
  {
    "output": {
      "isMobile": false,
      "isTablet": false,
    },
    "width": 3700,
  },
  {
    "output": {
      "isMobile": false,
      "isTablet": false,
    },
    "width": 3710,
  },
  {
    "output": {
      "isMobile": false,
      "isTablet": false,
    },
    "width": 3720,
  },
  {
    "output": {
      "isMobile": false,
      "isTablet": false,
    },
    "width": 3730,
  },
  {
    "output": {
      "isMobile": false,
      "isTablet": false,
    },
    "width": 3740,
  },
  {
    "output": {
      "isMobile": false,
      "isTablet": false,
    },
    "width": 3750,
  },
  {
    "output": {
      "isMobile": false,
      "isTablet": false,
    },
    "width": 3760,
  },
  {
    "output": {
      "isMobile": false,
      "isTablet": false,
    },
    "width": 3770,
  },
  {
    "output": {
      "isMobile": false,
      "isTablet": false,
    },
    "width": 3780,
  },
  {
    "output": {
      "isMobile": false,
      "isTablet": false,
    },
    "width": 3790,
  },
  {
    "output": {
      "isMobile": false,
      "isTablet": false,
    },
    "width": 3800,
  },
  {
    "output": {
      "isMobile": false,
      "isTablet": false,
    },
    "width": 3810,
  },
  {
    "output": {
      "isMobile": false,
      "isTablet": false,
    },
    "width": 3820,
  },
  {
    "output": {
      "isMobile": false,
      "isTablet": false,
    },
    "width": 3830,
  },
  {
    "output": {
      "isMobile": false,
      "isTablet": false,
    },
    "width": 3840,
  },
  {
    "output": {
      "isMobile": false,
      "isTablet": false,
    },
    "width": 3850,
  },
  {
    "output": {
      "isMobile": false,
      "isTablet": false,
    },
    "width": 3860,
  },
  {
    "output": {
      "isMobile": false,
      "isTablet": false,
    },
    "width": 3870,
  },
  {
    "output": {
      "isMobile": false,
      "isTablet": false,
    },
    "width": 3880,
  },
  {
    "output": {
      "isMobile": false,
      "isTablet": false,
    },
    "width": 3890,
  },
  {
    "output": {
      "isMobile": false,
      "isTablet": false,
    },
    "width": 3900,
  },
  {
    "output": {
      "isMobile": false,
      "isTablet": false,
    },
    "width": 3910,
  },
  {
    "output": {
      "isMobile": false,
      "isTablet": false,
    },
    "width": 3920,
  },
  {
    "output": {
      "isMobile": false,
      "isTablet": false,
    },
    "width": 3930,
  },
  {
    "output": {
      "isMobile": false,
      "isTablet": false,
    },
    "width": 3940,
  },
  {
    "output": {
      "isMobile": false,
      "isTablet": false,
    },
    "width": 3950,
  },
  {
    "output": {
      "isMobile": false,
      "isTablet": false,
    },
    "width": 3960,
  },
  {
    "output": {
      "isMobile": false,
      "isTablet": false,
    },
    "width": 3970,
  },
  {
    "output": {
      "isMobile": false,
      "isTablet": false,
    },
    "width": 3980,
  },
  {
    "output": {
      "isMobile": false,
      "isTablet": false,
    },
    "width": 3990,
  },
  {
    "output": {
      "isMobile": false,
      "isTablet": false,
    },
    "width": 4000,
  },
  {
    "output": {
      "isMobile": false,
      "isTablet": false,
    },
    "width": 4010,
  },
  {
    "output": {
      "isMobile": false,
      "isTablet": false,
    },
    "width": 4020,
  },
  {
    "output": {
      "isMobile": false,
      "isTablet": false,
    },
    "width": 4030,
  },
  {
    "output": {
      "isMobile": false,
      "isTablet": false,
    },
    "width": 4040,
  },
  {
    "output": {
      "isMobile": false,
      "isTablet": false,
    },
    "width": 4050,
  },
  {
    "output": {
      "isMobile": false,
      "isTablet": false,
    },
    "width": 4060,
  },
  {
    "output": {
      "isMobile": false,
      "isTablet": false,
    },
    "width": 4070,
  },
  {
    "output": {
      "isMobile": false,
      "isTablet": false,
    },
    "width": 4080,
  },
  {
    "output": {
      "isMobile": false,
      "isTablet": false,
    },
    "width": 4090,
  },
  {
    "output": {
      "isMobile": false,
      "isTablet": false,
    },
    "width": 4100,
  },
  {
    "output": {
      "isMobile": false,
      "isTablet": false,
    },
    "width": 4110,
  },
  {
    "output": {
      "isMobile": false,
      "isTablet": false,
    },
    "width": 4120,
  },
  {
    "output": {
      "isMobile": false,
      "isTablet": false,
    },
    "width": 4130,
  },
  {
    "output": {
      "isMobile": false,
      "isTablet": false,
    },
    "width": 4140,
  },
  {
    "output": {
      "isMobile": false,
      "isTablet": false,
    },
    "width": 4150,
  },
  {
    "output": {
      "isMobile": false,
      "isTablet": false,
    },
    "width": 4160,
  },
  {
    "output": {
      "isMobile": false,
      "isTablet": false,
    },
    "width": 4170,
  },
  {
    "output": {
      "isMobile": false,
      "isTablet": false,
    },
    "width": 4180,
  },
  {
    "output": {
      "isMobile": false,
      "isTablet": false,
    },
    "width": 4190,
  },
  {
    "output": {
      "isMobile": false,
      "isTablet": false,
    },
    "width": 4200,
  },
  {
    "output": {
      "isMobile": false,
      "isTablet": false,
    },
    "width": 4210,
  },
  {
    "output": {
      "isMobile": false,
      "isTablet": false,
    },
    "width": 4220,
  },
  {
    "output": {
      "isMobile": false,
      "isTablet": false,
    },
    "width": 4230,
  },
  {
    "output": {
      "isMobile": false,
      "isTablet": false,
    },
    "width": 4240,
  },
  {
    "output": {
      "isMobile": false,
      "isTablet": false,
    },
    "width": 4250,
  },
  {
    "output": {
      "isMobile": false,
      "isTablet": false,
    },
    "width": 4260,
  },
  {
    "output": {
      "isMobile": false,
      "isTablet": false,
    },
    "width": 4270,
  },
  {
    "output": {
      "isMobile": false,
      "isTablet": false,
    },
    "width": 4280,
  },
  {
    "output": {
      "isMobile": false,
      "isTablet": false,
    },
    "width": 4290,
  },
  {
    "output": {
      "isMobile": false,
      "isTablet": false,
    },
    "width": 4300,
  },
  {
    "output": {
      "isMobile": false,
      "isTablet": false,
    },
    "width": 4310,
  },
  {
    "output": {
      "isMobile": false,
      "isTablet": false,
    },
    "width": 4320,
  },
  {
    "output": {
      "isMobile": false,
      "isTablet": false,
    },
    "width": 4330,
  },
  {
    "output": {
      "isMobile": false,
      "isTablet": false,
    },
    "width": 4340,
  },
  {
    "output": {
      "isMobile": false,
      "isTablet": false,
    },
    "width": 4350,
  },
  {
    "output": {
      "isMobile": false,
      "isTablet": false,
    },
    "width": 4360,
  },
  {
    "output": {
      "isMobile": false,
      "isTablet": false,
    },
    "width": 4370,
  },
  {
    "output": {
      "isMobile": false,
      "isTablet": false,
    },
    "width": 4380,
  },
  {
    "output": {
      "isMobile": false,
      "isTablet": false,
    },
    "width": 4390,
  },
  {
    "output": {
      "isMobile": false,
      "isTablet": false,
    },
    "width": 4400,
  },
  {
    "output": {
      "isMobile": false,
      "isTablet": false,
    },
    "width": 4410,
  },
  {
    "output": {
      "isMobile": false,
      "isTablet": false,
    },
    "width": 4420,
  },
  {
    "output": {
      "isMobile": false,
      "isTablet": false,
    },
    "width": 4430,
  },
  {
    "output": {
      "isMobile": false,
      "isTablet": false,
    },
    "width": 4440,
  },
  {
    "output": {
      "isMobile": false,
      "isTablet": false,
    },
    "width": 4450,
  },
  {
    "output": {
      "isMobile": false,
      "isTablet": false,
    },
    "width": 4460,
  },
  {
    "output": {
      "isMobile": false,
      "isTablet": false,
    },
    "width": 4470,
  },
  {
    "output": {
      "isMobile": false,
      "isTablet": false,
    },
    "width": 4480,
  },
  {
    "output": {
      "isMobile": false,
      "isTablet": false,
    },
    "width": 4490,
  },
  {
    "output": {
      "isMobile": false,
      "isTablet": false,
    },
    "width": 4500,
  },
  {
    "output": {
      "isMobile": false,
      "isTablet": false,
    },
    "width": 4510,
  },
  {
    "output": {
      "isMobile": false,
      "isTablet": false,
    },
    "width": 4520,
  },
  {
    "output": {
      "isMobile": false,
      "isTablet": false,
    },
    "width": 4530,
  },
  {
    "output": {
      "isMobile": false,
      "isTablet": false,
    },
    "width": 4540,
  },
  {
    "output": {
      "isMobile": false,
      "isTablet": false,
    },
    "width": 4550,
  },
  {
    "output": {
      "isMobile": false,
      "isTablet": false,
    },
    "width": 4560,
  },
  {
    "output": {
      "isMobile": false,
      "isTablet": false,
    },
    "width": 4570,
  },
  {
    "output": {
      "isMobile": false,
      "isTablet": false,
    },
    "width": 4580,
  },
  {
    "output": {
      "isMobile": false,
      "isTablet": false,
    },
    "width": 4590,
  },
  {
    "output": {
      "isMobile": false,
      "isTablet": false,
    },
    "width": 4600,
  },
  {
    "output": {
      "isMobile": false,
      "isTablet": false,
    },
    "width": 4610,
  },
  {
    "output": {
      "isMobile": false,
      "isTablet": false,
    },
    "width": 4620,
  },
  {
    "output": {
      "isMobile": false,
      "isTablet": false,
    },
    "width": 4630,
  },
  {
    "output": {
      "isMobile": false,
      "isTablet": false,
    },
    "width": 4640,
  },
  {
    "output": {
      "isMobile": false,
      "isTablet": false,
    },
    "width": 4650,
  },
  {
    "output": {
      "isMobile": false,
      "isTablet": false,
    },
    "width": 4660,
  },
  {
    "output": {
      "isMobile": false,
      "isTablet": false,
    },
    "width": 4670,
  },
  {
    "output": {
      "isMobile": false,
      "isTablet": false,
    },
    "width": 4680,
  },
  {
    "output": {
      "isMobile": false,
      "isTablet": false,
    },
    "width": 4690,
  },
  {
    "output": {
      "isMobile": false,
      "isTablet": false,
    },
    "width": 4700,
  },
  {
    "output": {
      "isMobile": false,
      "isTablet": false,
    },
    "width": 4710,
  },
  {
    "output": {
      "isMobile": false,
      "isTablet": false,
    },
    "width": 4720,
  },
  {
    "output": {
      "isMobile": false,
      "isTablet": false,
    },
    "width": 4730,
  },
  {
    "output": {
      "isMobile": false,
      "isTablet": false,
    },
    "width": 4740,
  },
  {
    "output": {
      "isMobile": false,
      "isTablet": false,
    },
    "width": 4750,
  },
  {
    "output": {
      "isMobile": false,
      "isTablet": false,
    },
    "width": 4760,
  },
  {
    "output": {
      "isMobile": false,
      "isTablet": false,
    },
    "width": 4770,
  },
  {
    "output": {
      "isMobile": false,
      "isTablet": false,
    },
    "width": 4780,
  },
  {
    "output": {
      "isMobile": false,
      "isTablet": false,
    },
    "width": 4790,
  },
  {
    "output": {
      "isMobile": false,
      "isTablet": false,
    },
    "width": 4800,
  },
  {
    "output": {
      "isMobile": false,
      "isTablet": false,
    },
    "width": 4810,
  },
  {
    "output": {
      "isMobile": false,
      "isTablet": false,
    },
    "width": 4820,
  },
  {
    "output": {
      "isMobile": false,
      "isTablet": false,
    },
    "width": 4830,
  },
  {
    "output": {
      "isMobile": false,
      "isTablet": false,
    },
    "width": 4840,
  },
  {
    "output": {
      "isMobile": false,
      "isTablet": false,
    },
    "width": 4850,
  },
  {
    "output": {
      "isMobile": false,
      "isTablet": false,
    },
    "width": 4860,
  },
  {
    "output": {
      "isMobile": false,
      "isTablet": false,
    },
    "width": 4870,
  },
  {
    "output": {
      "isMobile": false,
      "isTablet": false,
    },
    "width": 4880,
  },
  {
    "output": {
      "isMobile": false,
      "isTablet": false,
    },
    "width": 4890,
  },
  {
    "output": {
      "isMobile": false,
      "isTablet": false,
    },
    "width": 4900,
  },
  {
    "output": {
      "isMobile": false,
      "isTablet": false,
    },
    "width": 4910,
  },
  {
    "output": {
      "isMobile": false,
      "isTablet": false,
    },
    "width": 4920,
  },
  {
    "output": {
      "isMobile": false,
      "isTablet": false,
    },
    "width": 4930,
  },
  {
    "output": {
      "isMobile": false,
      "isTablet": false,
    },
    "width": 4940,
  },
  {
    "output": {
      "isMobile": false,
      "isTablet": false,
    },
    "width": 4950,
  },
  {
    "output": {
      "isMobile": false,
      "isTablet": false,
    },
    "width": 4960,
  },
  {
    "output": {
      "isMobile": false,
      "isTablet": false,
    },
    "width": 4970,
  },
  {
    "output": {
      "isMobile": false,
      "isTablet": false,
    },
    "width": 4980,
  },
  {
    "output": {
      "isMobile": false,
      "isTablet": false,
    },
    "width": 4990,
  },
  {
    "output": {
      "isMobile": false,
      "isTablet": false,
    },
    "width": 5000,
  },
]
`;
